Testfile All
******************************************************
### Folder ancestor01, Gentle source spec01.g, Script file TST1.cmd 
*********************************************************************
Vergleichen der Dateien EXPECTED1.OUT und FOUND1.OUT
FC: Keine Unterschiede gefunden

******************************************************
### Folder ancestor02, Gentle source spec01.g, Script file TST1.cmd 
*********************************************************************
Vergleichen der Dateien EXPECTED1.OUT und FOUND1.OUT
FC: Keine Unterschiede gefunden

******************************************************
### Folder ancestor03, Gentle source spec01.g, Script file TST1.cmd 
*********************************************************************
Vergleichen der Dateien EXPECTED1.OUT und FOUND1.OUT
FC: Keine Unterschiede gefunden

******************************************************
### Folder ancestor04, Gentle source spec01.g, Script file TST1.cmd 
*********************************************************************
Vergleichen der Dateien EXPECTED1.OUT und FOUND1.OUT
FC: Keine Unterschiede gefunden

******************************************************
### Folder ancestor05, Gentle source spec01.g, Script file TST1.cmd 
*********************************************************************
Vergleichen der Dateien EXPECTED1.OUT und FOUND1.OUT
FC: Keine Unterschiede gefunden

******************************************************
### Folder ancestor06, Gentle source spec01.g, Script file TST1.cmd 
*********************************************************************
Vergleichen der Dateien EXPECTED1.OUT und FOUND1.OUT
FC: Keine Unterschiede gefunden

******************************************************
### Folder ancestor07, Gentle source spec01.g, Script file TST1.cmd 
*********************************************************************
Vergleichen der Dateien EXPECTED1.OUT und FOUND1.OUT
FC: Keine Unterschiede gefunden

******************************************************
### Folder alg10, Gentle source spec01.g, Script file TST2.cmd 
*********************************************************************
Vergleichen der Dateien EXPECTED2.OUT und FOUND2.OUT
FC: Keine Unterschiede gefunden

******************************************************
### Folder alg20, Gentle source spec01.g, Script file TST2.cmd 
*********************************************************************
Vergleichen der Dateien EXPECTED2.OUT und FOUND2.OUT
FC: Keine Unterschiede gefunden

******************************************************
### Folder alg30, Gentle source spec01.g, Script file TST1.cmd 
*********************************************************************
Vergleichen der Dateien EXPECTED1.OUT und FOUND1.OUT
FC: Keine Unterschiede gefunden

******************************************************
### Folder alg30, Gentle source spec01.g, Script file TST2.cmd 
*********************************************************************
Vergleichen der Dateien EXPECTED2.OUT und FOUND2.OUT
FC: Keine Unterschiede gefunden

******************************************************
### Folder alg30, Gentle source spec02.g, Script file TST1.cmd 
*********************************************************************
Vergleichen der Dateien EXPECTED1.OUT und FOUND1.OUT
FC: Keine Unterschiede gefunden

******************************************************
### Folder alg30, Gentle source spec02.g, Script file TST2.cmd 
*********************************************************************
Vergleichen der Dateien EXPECTED2.OUT und FOUND2.OUT
FC: Keine Unterschiede gefunden

******************************************************
### Folder alg31, Gentle source spec01.g, Script file TST1.cmd 
*********************************************************************
Vergleichen der Dateien EXPECTED1.OUT und FOUND1.OUT
FC: Keine Unterschiede gefunden

******************************************************
### Folder alg31, Gentle source spec01.g, Script file TST2.cmd 
*********************************************************************
Vergleichen der Dateien EXPECTED2.OUT und FOUND2.OUT
FC: Keine Unterschiede gefunden

******************************************************
### Folder alg31, Gentle source spec02.g, Script file TST1.cmd 
*********************************************************************
Vergleichen der Dateien EXPECTED1.OUT und FOUND1.OUT
FC: Keine Unterschiede gefunden

******************************************************
### Folder alg31, Gentle source spec02.g, Script file TST2.cmd 
*********************************************************************
Vergleichen der Dateien EXPECTED2.OUT und FOUND2.OUT
FC: Keine Unterschiede gefunden

******************************************************
### Folder alg32, Gentle source spec01.g, Script file TST1.cmd 
*********************************************************************
Vergleichen der Dateien EXPECTED1.OUT und FOUND1.OUT
FC: Keine Unterschiede gefunden

******************************************************
### Folder alg32, Gentle source spec01.g, Script file TST2.cmd 
*********************************************************************
Vergleichen der Dateien EXPECTED2.OUT und FOUND2.OUT
FC: Keine Unterschiede gefunden

******************************************************
### Folder alg32, Gentle source spec02.g, Script file TST1.cmd 
*********************************************************************
Vergleichen der Dateien EXPECTED1.OUT und FOUND1.OUT
FC: Keine Unterschiede gefunden

******************************************************
### Folder alg32, Gentle source spec02.g, Script file TST2.cmd 
*********************************************************************
Vergleichen der Dateien EXPECTED2.OUT und FOUND2.OUT
FC: Keine Unterschiede gefunden

******************************************************
### Folder alg33, Gentle source spec01.g, Script file TST1.cmd 
*********************************************************************
Vergleichen der Dateien EXPECTED1.OUT und FOUND1.OUT
FC: Keine Unterschiede gefunden

******************************************************
### Folder alg33, Gentle source spec01.g, Script file TST2.cmd 
*********************************************************************
Vergleichen der Dateien EXPECTED2.OUT und FOUND2.OUT
FC: Keine Unterschiede gefunden

******************************************************
### Folder alg33, Gentle source spec02.g, Script file TST1.cmd 
*********************************************************************
Vergleichen der Dateien EXPECTED1.OUT und FOUND1.OUT
FC: Keine Unterschiede gefunden

******************************************************
### Folder alg33, Gentle source spec02.g, Script file TST2.cmd 
*********************************************************************
Vergleichen der Dateien EXPECTED2.OUT und FOUND2.OUT
FC: Keine Unterschiede gefunden

******************************************************
### Folder GrammatikenA, Gentle source spec01.g, Script file TST1.cmd 
*********************************************************************
Vergleichen der Dateien EXPECTED1.OUT und FOUND1.OUT
FC: Keine Unterschiede gefunden

******************************************************
### Folder GrammatikenB, Gentle source spec01.g, Script file TST1.cmd 
Script TST1.CMD: Be patient, this may take a few moments!
*********************************************************************
Vergleichen der Dateien EXPECTED1.OUT und FOUND1.OUT
FC: Keine Unterschiede gefunden

******************************************************
### Folder mehrdeut, Gentle source mehrd01.g, Script file TST2.cmd 
*********************************************************************
Vergleichen der Dateien EXPECTED2.OUT und FOUND2.OUT
FC: Keine Unterschiede gefunden

******************************************************
### Folder mehrdeut, Gentle source mehrd02.g, Script file TST2.cmd 
*********************************************************************
Vergleichen der Dateien EXPECTED2.OUT und FOUND2.OUT
FC: Keine Unterschiede gefunden

